<servername=>group-title="ITALY",ahlakid.com - 12 TV Parma (540p) [Not 24/7]</servername><serverurl=>https://5929b138b139d.streamlock.net/12TVParma/livestream/playlist.m3u8?checkedby:ahlakid.com</serverurl><servercategory=>movies</servercategory>
<servername=>group-title="Undefined" tvg-logo="http://i65.tinypic.com/wmf409.jpg",ahlakid.com - 51 Radio TV</servername><serverurl=>http://wms.shared.streamshow.it:80/canale51/canale51/playlist.m3u8?checkedby:ahlakid.com</serverurl><servercategory=>movies</servercategory>
<servername=>group-title="Undefined" tvg-logo="https://i.imgur.com/Y1Yq3iV.png",ahlakid.com - Aurora Arte</servername><serverurl=>https://59d7d6f47d7fc.streamlock.net/auroraarte/auroraarte/chunklist.m3u8?checkedby:ahlakid.com</serverurl><servercategory=>movies</servercategory>
<servername=>group-title="ITALY",ahlakid.com - Bom Channel</servername><serverurl=>https://5f22d76e220e1.streamlock.net/BOMCHANNEL/BOMCHANNEL/playlist.m3u8?checkedby:ahlakid.com</serverurl><servercategory=>movies</servercategory>
<servername=>group-title="Undefined" tvg-logo="https://i.imgur.com/uh4R5Ih.png",ahlakid.com - IT | Canale 2 Altamura</servername><serverurl=>https://59d7d6f47d7fc.streamlock.net/canale2/canale2/chunklist.m3u8?checkedby:ahlakid.com</serverurl><servercategory=>movies</servercategory>
<servername=>group-title="Undefined" tvg-logo="https://i.imgur.com/uh4R5Ih.png",ahlakid.com - Canale 2 Altamura</servername><serverurl=>https://59d7d6f47d7fc.streamlock.net/canale2/canale2/chunklist_w811855890.m3u8?checkedby:ahlakid.com</serverurl><servercategory=>movies</servercategory>
<servername=>group-title="Undefined" tvg-logo="https://i.imgur.com/uh4R5Ih.png",ahlakid.com - Canale 2 Altamura</servername><serverurl=>https://59d7d6f47d7fc.streamlock.net/canale2/canale2/playlist.m3u8?checkedby:ahlakid.com</serverurl><servercategory=>movies</servercategory>
<servername=>group-title="Undefined",ahlakid.com - Canale 7</servername><serverurl=>http://wms.shared.streamshow.it:1935/canale7/canale7/live.m3u8?checkedby:ahlakid.com</serverurl><servercategory=>movies</servercategory>
<servername=>group-title="Undefined",ahlakid.com - Canale 7</servername><serverurl=>http://wms.shared.streamshow.it/canale7/canale7/playlist.m3u8?checkedby:ahlakid.com</serverurl><servercategory=>movies</servercategory>
<servername=>group-title="Undefined",ahlakid.com - Canale 8</servername><serverurl=>http://wms.shared.streamshow.it:80/canale8/canale8/playlist.m3u8?checkedby:ahlakid.com</serverurl><servercategory=>movies</servercategory>
<servername=>group-title="Undefined" tvg-logo="http://www.altrostudio.tv/images/portfolio/carinatv.jpg",ahlakid.com - Carina TV</servername><serverurl=>http://wms.shared.streamshow.it/carinatv/carinatv/playlist.m3u8?checkedby:ahlakid.com</serverurl><servercategory=>movies</servercategory>
<servername=>group-title="Undefined",ahlakid.com - Carina TV</servername><serverurl=>http://wms.shared.streamshow.it/carinatv/mp4:carinatv/playlist.m3u8?checkedby:ahlakid.com</serverurl><servercategory=>movies</servercategory>
<servername=>group-title="Undefined" tvg-logo="https://i.imgur.com/UDFBYpN.png",ahlakid.com - Euro Indie Music Chart TV</servername><serverurl=>http://178.33.224.197:1935/euroindiemusic/euroindiemusic/playlist.m3u8?checkedby:ahlakid.com</serverurl><servercategory=>movies</servercategory>
<servername=>group-title="Undefined" tvg-logo="https://i.imgur.com/nWBWzNy.png",ahlakid.com - Icaro TV</servername><serverurl=>https://59d7d6f47d7fc.streamlock.net/icarotv/icarotv/playlist.m3u8?checkedby:ahlakid.com</serverurl><servercategory=>movies</servercategory>
<servername=>group-title="Undefined" tvg-logo="https://i.imgur.com/TDSgG28.png",ahlakid.com - Italia 2</servername><serverurl=>https://59d7d6f47d7fc.streamlock.net/italia2/italia2/playlist.m3u8?checkedby:ahlakid.com</serverurl><servercategory=>movies</servercategory>
<servername=>group-title="ITALY",ahlakid.com - Kiss Kiss TV (1080p)</servername><serverurl=>https://58f12ffd2447a.streamlock.net/KKMulti/livestream/playlist.m3u8?checkedby:ahlakid.com</serverurl><servercategory=>movies</servercategory>
<servername=>group-title="Undefined" tvg-logo="https://i.imgur.com/Ia7iULa.png",ahlakid.com - Orler TV</servername><serverurl=>https://w1.mediastreaming.it/orlertv/livestream/playlist.m3u8?checkedby:ahlakid.com</serverurl><servercategory=>movies</servercategory>
<servername=>group-title="ITALY",ahlakid.com - Otto FM TV (576p)</servername><serverurl=>http://streaming.bitonlive.net:8080/hls/ottofm2/index.m3u8?checkedby:ahlakid.com</serverurl><servercategory=>movies</servercategory>
<servername=>group-title="Undefined" tvg-logo="https://upload.wikimedia.org/wikipedia/it/thumb/8/86/Logo_Radio_Televisione_Peloritana.svg/1200px-Logo_Radio_Televisione_Peloritana.svg.png",ahlakid.com - RTP</servername><serverurl=>https://flash2.xdevel.com/rtptv/rtptv/playlist.m3u8?checkedby:ahlakid.com</serverurl><servercategory=>movies</servercategory>
<servername=>group-title="Undefined",ahlakid.com - Radio 51</servername><serverurl=>https://59d7d6f47d7fc.streamlock.net/canale51/canale51/playlist.m3u8?checkedby:ahlakid.com</serverurl><servercategory=>movies</servercategory>
<servername=>group-title="Undefined" tvg-logo="https://i.imgur.com/yz3LSXo.png",ahlakid.com - Radio 51 Lombardia</servername><serverurl=>http://wms.shared.streamshow.it/canale51/canale51/playlist.m3u8?checkedby:ahlakid.com</serverurl><servercategory=>movies</servercategory>
<servername=>group-title="Undefined" tvg-logo="https://i.imgur.com/kzvsNo2.png",ahlakid.com - Radio Birikina TV</servername><serverurl=>https://56b50ada2d659.streamlock.net/RadioBirikinaTV/livestream/playlist.m3u8?checkedby:ahlakid.com</serverurl><servercategory=>movies</servercategory>
<servername=>group-title="Undefined" tvg-logo="https://i.imgur.com/8cpuaG5.png",ahlakid.com - Radio Number One</servername><serverurl=>https://56b50ada2d659.streamlock.net/RN1TV/livestream/playlist.m3u8?checkedby:ahlakid.com</serverurl><servercategory=>movies</servercategory>
<servername=>group-title="Undefined",ahlakid.com - Rai 3</servername><serverurl=>http://wzstreaming.rai.it/TVlive/liveStream/chunklist_w823540263.m3u8?checkedby:ahlakid.com</serverurl><servercategory=>movies</servercategory>
<servername=>group-title="Undefined" tvg-logo="https://i.imgur.com/IIqn1oG.jpg",ahlakid.com - Rai 3</servername><serverurl=>http://wzstreaming.rai.it/TVlive/liveStream/playlist.m3u8?checkedby:ahlakid.com</serverurl><servercategory=>movies</servercategory>
<servername=>group-title="Undefined" tvg-logo="https://upload.wikimedia.org/wikipedia/commons/6/60/Reggio_TV_logo.png",ahlakid.com - ReggioTV</servername><serverurl=>https://59d7d6f47d7fc.streamlock.net/reggiotv/reggiotv/playlist.m3u8?checkedby:ahlakid.com</serverurl><servercategory=>movies</servercategory>
<servername=>group-title="Undefined" tvg-logo="https://i.imgur.com/RPXusvS.png",ahlakid.com - Sophia TV</servername><serverurl=>https://www.onairport.live/sophiatv-it-live/livestream_low/playlist.m3u8?checkedby:ahlakid.com</serverurl><servercategory=>movies</servercategory>
<servername=>group-title="Undefined" tvg-logo="https://i.imgur.com/RPXusvS.png",ahlakid.com - Sophia TV</servername><serverurl=>https://www.onairport.live/sophiatv-it-live/livestream_low/chunklist_w217998957.m3u8?checkedby:ahlakid.com</serverurl><servercategory=>movies</servercategory>
<servername=>group-title="Undefined",ahlakid.com - Studio 100</servername><serverurl=>https://59d8c0cee6f3d.streamlock.net/studio100ta/studio100ta/chunklist_w807820603.m3u8?checkedby:ahlakid.com</serverurl><servercategory=>movies</servercategory>
<servername=>group-title="Undefined",ahlakid.com - Super TV Brescia</servername><serverurl=>http://wms.shared.streamshow.it:1935/supertv/supertv/live.m3u8?checkedby:ahlakid.com</serverurl><servercategory=>movies</servercategory>
<servername=>group-title="Undefined",ahlakid.com - TSN Tele Sondrio News</servername><serverurl=>http://wms.shared.streamshow.it/tsn/tsn_mobile/playlist.m3u8?checkedby:ahlakid.com</serverurl><servercategory=>movies</servercategory>
<servername=>group-title="Undefined" tvg-logo="https://i.imgur.com/154AQjl.png",ahlakid.com - TV Qui (Modena)</servername><serverurl=>https://59d7d6f47d7fc.streamlock.net/tvqui/tvqui/playlist.m3u8?checkedby:ahlakid.com</serverurl><servercategory=>movies</servercategory>
<servername=>group-title="Undefined",ahlakid.com - TVA (Vicenza)</servername><serverurl=>http://fms.tvavicenza.it:1935/live/diretta_1/playlist.m3u8?checkedby:ahlakid.com</serverurl><servercategory=>movies</servercategory>
<servername=>group-title="Undefined",ahlakid.com - TVRS</servername><serverurl=>http://wms.shared.streamshow.it:1935/tvrs/tvrs/live.m3u8?checkedby:ahlakid.com</serverurl><servercategory=>movies</servercategory>
<servername=>group-title="Undefined",ahlakid.com - Tele Pavia</servername><serverurl=>http://wms.shared.streamshow.it/telepavia/telepavia/playlist.m3u8?checkedby:ahlakid.com</serverurl><servercategory=>movies</servercategory>
<servername=>group-title="Undefined",ahlakid.com - Telechiara</servername><serverurl=>http://fms.tvavicenza.it:1935/telechiara/diretta/playlist.m3u8?checkedby:ahlakid.com</serverurl><servercategory=>movies</servercategory>
<servername=>group-title="ITALY",ahlakid.com - Telefoggia (480p) [Not 24/7]</servername><serverurl=>http://wms.shared.streamshow.it/telefoggia/mp4:telefoggia/playlist.m3u8?checkedby:ahlakid.com</serverurl><servercategory=>movies</servercategory>
<servername=>group-title="ITALY",ahlakid.com - Telemolise (1080p)</servername><serverurl=>http://185.202.128.1:1935/TelemoliseStream/telemoliseTV.stream/playlist.m3u8?checkedby:ahlakid.com</serverurl><servercategory=>movies</servercategory>
<servername=>group-title="Undefined",ahlakid.com - Telesud Trapani</servername><serverurl=>https://5cbd3bc28341f.streamlock.net:444/telesud/_definst_/live/playlist.m3u8?checkedby:ahlakid.com</serverurl><servercategory=>movies</servercategory>
<servername=>group-title="ITALY",ahlakid.com - Telesud Trapani (720p) [Not 24/7]</servername><serverurl=>https://5cbd3bc28341f.streamlock.net:444/telesud/live/playlist.m3u8?checkedby:ahlakid.com</serverurl><servercategory=>movies</servercategory>
<servername=>group-title="Undefined" tvg-logo="https://www.teletricolore.it/wp-content/uploads/2018/02/logo.png",ahlakid.com - Teletricolore</servername><serverurl=>https://59d7d6f47d7fc.streamlock.net/rs2/rs2/playlist.m3u8?checkedby:ahlakid.com</serverurl><servercategory=>movies</servercategory>
<servername=>group-title="Undefined" tvg-logo="https://upload.wikimedia.org/wikipedia/commons/thumb/9/94/VH1_logonew.svg/440px-VH1_logonew.svg.png",ahlakid.com - VH1</servername><serverurl=>https://content.uplynk.com/channel/36953f5b6546464590d2fcd954bc89cf.m3u8?checkedby:ahlakid.com</serverurl><servercategory=>movies</servercategory>
<servername=>group-title="Undefined",ahlakid.com - Vera TV (Marche)</servername><serverurl=>http://wms.shared.streamshow.it/veratv/veratv/playlist.m3u8?checkedby:ahlakid.com</serverurl><servercategory=>movies</servercategory>
<servername=>group-title="Undefined" tvg-logo="https://i.imgur.com/kXDdx0h.png",ahlakid.com - Vera TV Marche</servername><serverurl=>http://wms.shared.streamshow.it:1935/veratv/veratv/playlist.m3u8?checkedby:ahlakid.com</serverurl><servercategory=>movies</servercategory>
<servername=>group-title="Undefined" tvg-logo="https://www.dinamobasket.com/sites/default/files/videolina2012_tr.png",ahlakid.com - Videolina (Sardegna)</servername><serverurl=>http://livestreaming.videolina.it/live/Videolina/chunklist_w523418370.m3u8?checkedby:ahlakid.com</serverurl><servercategory=>movies</servercategory>
<servername=>group-title="Undefined" tvg-logo="https://i.imgur.com/Z5NeYwu.png",ahlakid.com - Videolina (Sardegna)</servername><serverurl=>http://livestreaming.videolina.it/live/Videolina/playlist.m3u8?checkedby:ahlakid.com</serverurl><servercategory=>movies</servercategory>
<servername=>group-title="Undefined",ahlakid.com - telePAVIA</servername><serverurl=>http://wms.shared.streamshow.it:1935/telepavia/telepavia/live.m3u8?checkedby:ahlakid.com</serverurl><servercategory=>movies</servercategory>
<servername=>group-title="ITALY",ahlakid.com - 12 TV Parma (540p) [Not 24/7]</servername><serverurl=>https://5929b138b139d.streamlock.net/12TVParma/livestream/playlist.m3u8?checkedby:, ahlakid.com</serverurl><servercategory=>movies</servercategory>
<servername=>group-title="Undefined" tvg-logo="http://i65.tinypic.com/wmf409.jpg",ahlakid.com - 51 Radio TV</servername><serverurl=>http://wms.shared.streamshow.it:80/canale51/canale51/playlist.m3u8?checkedby:, ahlakid.com</serverurl><servercategory=>movies</servercategory>
<servername=>group-title="Undefined" tvg-logo="https://i.imgur.com/Y1Yq3iV.png",ahlakid.com - Aurora Arte</servername><serverurl=>https://59d7d6f47d7fc.streamlock.net/auroraarte/auroraarte/chunklist.m3u8?checkedby:, ahlakid.com</serverurl><servercategory=>movies</servercategory>
<servername=>group-title="ITALY",ahlakid.com - Bom Channel</servername><serverurl=>https://5f22d76e220e1.streamlock.net/BOMCHANNEL/BOMCHANNEL/playlist.m3u8?checkedby:, ahlakid.com</serverurl><servercategory=>movies</servercategory>
<servername=>group-title="Undefined" tvg-logo="https://i.imgur.com/uh4R5Ih.png",ahlakid.com - IT | Canale 2 Altamura</servername><serverurl=>https://59d7d6f47d7fc.streamlock.net/canale2/canale2/chunklist.m3u8?checkedby:, ahlakid.com</serverurl><servercategory=>movies</servercategory>
<servername=>group-title="Undefined" tvg-logo="https://i.imgur.com/uh4R5Ih.png",ahlakid.com - Canale 2 Altamura</servername><serverurl=>https://59d7d6f47d7fc.streamlock.net/canale2/canale2/chunklist_w811855890.m3u8?checkedby:, ahlakid.com</serverurl><servercategory=>movies</servercategory>
<servername=>group-title="Undefined" tvg-logo="https://i.imgur.com/uh4R5Ih.png",ahlakid.com - Canale 2 Altamura</servername><serverurl=>https://59d7d6f47d7fc.streamlock.net/canale2/canale2/playlist.m3u8?checkedby:, ahlakid.com</serverurl><servercategory=>movies</servercategory>
<servername=>group-title="Undefined",ahlakid.com - Canale 7</servername><serverurl=>http://wms.shared.streamshow.it/canale7/canale7/playlist.m3u8?checkedby:, ahlakid.com</serverurl><servercategory=>movies</servercategory>
<servername=>group-title="Undefined",ahlakid.com - Canale 7</servername><serverurl=>http://wms.shared.streamshow.it:1935/canale7/canale7/live.m3u8?checkedby:, ahlakid.com</serverurl><servercategory=>movies</servercategory>
<servername=>group-title="Undefined",ahlakid.com - Canale 8</servername><serverurl=>http://wms.shared.streamshow.it:80/canale8/canale8/playlist.m3u8?checkedby:, ahlakid.com</serverurl><servercategory=>movies</servercategory>
<servername=>group-title="Undefined",ahlakid.com - Carina TV</servername><serverurl=>http://wms.shared.streamshow.it/carinatv/mp4:carinatv/playlist.m3u8?checkedby:, ahlakid.com</serverurl><servercategory=>movies</servercategory>
<servername=>group-title="Undefined" tvg-logo="http://www.altrostudio.tv/images/portfolio/carinatv.jpg",ahlakid.com - Carina TV</servername><serverurl=>http://wms.shared.streamshow.it/carinatv/carinatv/playlist.m3u8?checkedby:, ahlakid.com</serverurl><servercategory=>movies</servercategory>
<servername=>group-title="Undefined" tvg-logo="https://i.imgur.com/UDFBYpN.png",ahlakid.com - Euro Indie Music Chart TV</servername><serverurl=>http://178.33.224.197:1935/euroindiemusic/euroindiemusic/playlist.m3u8?checkedby:, ahlakid.com</serverurl><servercategory=>movies</servercategory>
<servername=>group-title="Undefined" tvg-logo="https://i.imgur.com/nWBWzNy.png",ahlakid.com - Icaro TV</servername><serverurl=>https://59d7d6f47d7fc.streamlock.net/icarotv/icarotv/playlist.m3u8?checkedby:, ahlakid.com</serverurl><servercategory=>movies</servercategory>
<servername=>group-title="Undefined" tvg-logo="https://i.imgur.com/TDSgG28.png",ahlakid.com - Italia 2</servername><serverurl=>https://59d7d6f47d7fc.streamlock.net/italia2/italia2/playlist.m3u8?checkedby:, ahlakid.com</serverurl><servercategory=>movies</servercategory>
<servername=>group-title="Undefined" tvg-logo="https://i.imgur.com/TDSgG28.png",ahlakid.com - Italia 2 TV</servername><serverurl=>http://wms.shared.streamshow.it/italia2/mp4:italia2/playlist.m3u8?checkedby:, ahlakid.com</serverurl><servercategory=>movies</servercategory>
<servername=>group-title="ITALY",ahlakid.com - Kiss Kiss TV (1080p)</servername><serverurl=>https://58f12ffd2447a.streamlock.net/KKMulti/livestream/playlist.m3u8?checkedby:, ahlakid.com</serverurl><servercategory=>movies</servercategory>
<servername=>group-title="Undefined" tvg-logo="https://i.imgur.com/Ia7iULa.png",ahlakid.com - Orler TV</servername><serverurl=>https://w1.mediastreaming.it/orlertv/livestream/playlist.m3u8?checkedby:, ahlakid.com</serverurl><servercategory=>movies</servercategory>
<servername=>group-title="ITALY",ahlakid.com - Otto FM TV (576p)</servername><serverurl=>http://streaming.bitonlive.net:8080/hls/ottofm2/index.m3u8?checkedby:, ahlakid.com</serverurl><servercategory=>movies</servercategory>
<servername=>group-title="Undefined" tvg-logo="https://upload.wikimedia.org/wikipedia/it/thumb/8/86/Logo_Radio_Televisione_Peloritana.svg/1200px-Logo_Radio_Televisione_Peloritana.svg.png",ahlakid.com - RTP</servername><serverurl=>https://flash2.xdevel.com/rtptv/rtptv/playlist.m3u8?checkedby:, ahlakid.com</serverurl><servercategory=>movies</servercategory>
<servername=>group-title="Undefined",ahlakid.com - Radio 51</servername><serverurl=>https://59d7d6f47d7fc.streamlock.net/canale51/canale51/playlist.m3u8?checkedby:, ahlakid.com</serverurl><servercategory=>movies</servercategory>
<servername=>group-title="Undefined" tvg-logo="https://i.imgur.com/yz3LSXo.png",ahlakid.com - Radio 51 Lombardia</servername><serverurl=>http://wms.shared.streamshow.it/canale51/canale51/playlist.m3u8?checkedby:, ahlakid.com</serverurl><servercategory=>movies</servercategory>
<servername=>group-title="Undefined" tvg-logo="https://i.imgur.com/kzvsNo2.png",ahlakid.com - Radio Birikina TV</servername><serverurl=>https://56b50ada2d659.streamlock.net/RadioBirikinaTV/livestream/playlist.m3u8?checkedby:, ahlakid.com</serverurl><servercategory=>movies</servercategory>
<servername=>group-title="Undefined" tvg-logo="https://i.imgur.com/8cpuaG5.png",ahlakid.com - Radio Number One</servername><serverurl=>https://56b50ada2d659.streamlock.net/RN1TV/livestream/playlist.m3u8?checkedby:, ahlakid.com</serverurl><servercategory=>movies</servercategory>
<servername=>group-title="Undefined",ahlakid.com - Rai 3</servername><serverurl=>http://wzstreaming.rai.it/TVlive/liveStream/chunklist_w823540263.m3u8?checkedby:, ahlakid.com</serverurl><servercategory=>movies</servercategory>
<servername=>group-title="Undefined" tvg-logo="https://i.imgur.com/IIqn1oG.jpg",ahlakid.com - Rai 3</servername><serverurl=>http://wzstreaming.rai.it/TVlive/liveStream/playlist.m3u8?checkedby:, ahlakid.com</serverurl><servercategory=>movies</servercategory>
<servername=>group-title="Undefined" tvg-logo="https://i.imgur.com/RPXusvS.png",ahlakid.com - Sophia TV</servername><serverurl=>https://www.onairport.live/sophiatv-it-live/livestream_low/chunklist_w217998957.m3u8?checkedby:, ahlakid.com</serverurl><servercategory=>movies</servercategory>
<servername=>group-title="Undefined" tvg-logo="https://i.imgur.com/RPXusvS.png",ahlakid.com - Sophia TV</servername><serverurl=>https://www.onairport.live/sophiatv-it-live/livestream_low/playlist.m3u8?checkedby:, ahlakid.com</serverurl><servercategory=>movies</servercategory>
<servername=>group-title="Undefined",ahlakid.com - Studio 100</servername><serverurl=>https://59d8c0cee6f3d.streamlock.net/studio100ta/studio100ta/chunklist_w807820603.m3u8?checkedby:, ahlakid.com</serverurl><servercategory=>movies</servercategory>
<servername=>group-title="Undefined",ahlakid.com - Super TV Brescia</servername><serverurl=>http://wms.shared.streamshow.it:1935/supertv/supertv/live.m3u8?checkedby:, ahlakid.com</serverurl><servercategory=>movies</servercategory>
<servername=>group-title="Undefined" tvg-logo="https://i.imgur.com/154AQjl.png",ahlakid.com - TV Qui (Modena)</servername><serverurl=>https://59d7d6f47d7fc.streamlock.net/tvqui/tvqui/playlist.m3u8?checkedby:, ahlakid.com</serverurl><servercategory=>movies</servercategory>
<servername=>group-title="Undefined",ahlakid.com - TVA (Vicenza)</servername><serverurl=>http://fms.tvavicenza.it:1935/live/diretta_1/playlist.m3u8?checkedby:, ahlakid.com</serverurl><servercategory=>movies</servercategory>
<servername=>group-title="Undefined",ahlakid.com - Tele Pavia</servername><serverurl=>http://wms.shared.streamshow.it/telepavia/telepavia/playlist.m3u8?checkedby:, ahlakid.com</serverurl><servercategory=>movies</servercategory>
<servername=>group-title="Undefined",ahlakid.com - Telechiara</servername><serverurl=>http://fms.tvavicenza.it:1935/telechiara/diretta/playlist.m3u8?checkedby:, ahlakid.com</serverurl><servercategory=>movies</servercategory>
<servername=>group-title="ITALY",ahlakid.com - Telefoggia (480p) [Not 24/7]</servername><serverurl=>http://wms.shared.streamshow.it/telefoggia/mp4:telefoggia/playlist.m3u8?checkedby:, ahlakid.com</serverurl><servercategory=>movies</servercategory>
<servername=>group-title="ITALY",ahlakid.com - Telemolise (1080p)</servername><serverurl=>http://185.202.128.1:1935/TelemoliseStream/telemoliseTV.stream/playlist.m3u8?checkedby:, ahlakid.com</serverurl><servercategory=>movies</servercategory>
<servername=>group-title="Undefined",ahlakid.com - Telesud Trapani</servername><serverurl=>https://5cbd3bc28341f.streamlock.net:444/telesud/_definst_/live/playlist.m3u8?checkedby:, ahlakid.com</serverurl><servercategory=>movies</servercategory>
<servername=>group-title="ITALY",ahlakid.com - Telesud Trapani (720p) [Not 24/7]</servername><serverurl=>https://5cbd3bc28341f.streamlock.net:444/telesud/live/playlist.m3u8?checkedby:, ahlakid.com</serverurl><servercategory=>movies</servercategory>
<servername=>group-title="Undefined" tvg-logo="https://www.teletricolore.it/wp-content/uploads/2018/02/logo.png",ahlakid.com - Teletricolore</servername><serverurl=>https://59d7d6f47d7fc.streamlock.net/rs2/rs2/playlist.m3u8?checkedby:, ahlakid.com</serverurl><servercategory=>movies</servercategory>
<servername=>group-title="Undefined" tvg-logo="https://upload.wikimedia.org/wikipedia/commons/thumb/9/94/VH1_logonew.svg/440px-VH1_logonew.svg.png",ahlakid.com - VH1</servername><serverurl=>https://content.uplynk.com/channel/36953f5b6546464590d2fcd954bc89cf.m3u8?checkedby:, ahlakid.com</serverurl><servercategory=>movies</servercategory>
<servername=>group-title="Undefined",ahlakid.com - Vera TV (Marche)</servername><serverurl=>http://wms.shared.streamshow.it/veratv/veratv/playlist.m3u8?checkedby:, ahlakid.com</serverurl><servercategory=>movies</servercategory>
<servername=>group-title="Undefined" tvg-logo="https://i.imgur.com/kXDdx0h.png",ahlakid.com - Vera TV Marche</servername><serverurl=>http://wms.shared.streamshow.it:1935/veratv/veratv/playlist.m3u8?checkedby:, ahlakid.com</serverurl><servercategory=>movies</servercategory>
<servername=>group-title="Undefined" tvg-logo="https://i.imgur.com/Z5NeYwu.png",ahlakid.com - Videolina (Sardegna)</servername><serverurl=>http://livestreaming.videolina.it/live/Videolina/playlist.m3u8?checkedby:, ahlakid.com</serverurl><servercategory=>movies</servercategory>
<servername=>group-title="Undefined" tvg-logo="https://www.dinamobasket.com/sites/default/files/videolina2012_tr.png",ahlakid.com - Videolina (Sardegna)</servername><serverurl=>http://livestreaming.videolina.it/live/Videolina/chunklist_w523418370.m3u8?checkedby:, ahlakid.com</serverurl><servercategory=>movies</servercategory>
<servername=>group-title="Undefined",ahlakid.com - telePAVIA</servername><serverurl=>http://wms.shared.streamshow.it:1935/telepavia/telepavia/live.m3u8?checkedby:, ahlakid.com</serverurl><servercategory=>movies</servercategory>
<servername=>,ahlakid.com - Canale 7</servername><serverurl=>http://wms.shared.streamshow.it:1935/canale7/canale7/live.m3u8</serverurl><servercategory=>movies</servercategory>
<servername=>,ahlakid.com - Canale 8</servername><serverurl=>http://wms.shared.streamshow.it:80/canale8/canale8/playlist.m3u8</serverurl><servercategory=>movies</servercategory>
<servername=>,ahlakid.com - Canale 10 (540p)</servername><serverurl=>http://37.187.142.147:1935/ch10live/high.stream/live.m3u8</serverurl><servercategory=>movies</servercategory>
<servername=>,ahlakid.com - Canale 10 (540p)</servername><serverurl=>http://37.187.142.147:1935/ch10live/high.stream/playlist.m3u8</serverurl><servercategory=>movies</servercategory>
<servername=>,ahlakid.com - Canale 10 Ostia (540p)</servername><serverurl=>http://canale10.cloud:1935/ch10live/high.stream/master.m3u8</serverurl><servercategory=>movies</servercategory>
<servername=>,ahlakid.com - Canale 7 (480p)</servername><serverurl=>http://wms.shared.streamshow.it/canale7/canale7/playlist.m3u8</serverurl><servercategory=>movies</servercategory>
<servername=>,ahlakid.com - CANALE 7 (480p)</servername><serverurl=>http://wms.shared.streamshow.it/canale7/mp4:canale7/playlist.m3u8</serverurl><servercategory=>movies</servercategory>
<servername=>,ahlakid.com - CANALE 8 (480p)</servername><serverurl=>http://wms.shared.streamshow.it/canale8/mp4:canale8/playlist.m3u8</serverurl><servercategory=>movies</servercategory>
<servername=>,ahlakid.com - Canale Italia 83 (576p)</servername><serverurl=>http://ovp-live.akamaized.net/ac024_live/video1/playlist.m3u8</serverurl><servercategory=>movies</servercategory>
<servername=>,ahlakid.com - Carina TV (480p)</servername><serverurl=>http://wms.shared.streamshow.it/carinatv/carinatv/playlist.m3u8</serverurl><servercategory=>movies</servercategory>
<servername=>,ahlakid.com - Carina TV (480p)</servername><serverurl=>http://wms.shared.streamshow.it/carinatv/mp4:carinatv/playlist.m3u8</serverurl><servercategory=>movies</servercategory>
<servername=>,ahlakid.com - Elive Brescia TV (720p)</servername><serverurl=>http://59d7d6f47d7fc.streamlock.net:1935/elivebresciatv/elivebresciatv/playlist.m3u8</serverurl><servercategory=>movies</servercategory>
<servername=>,ahlakid.com - Euro Indie Music Chart TV (360p)</servername><serverurl=>http://178.33.224.197:1935/euroindiemusic/euroindiemusic/playlist.m3u8</serverurl><servercategory=>movies</servercategory>
<servername=>,ahlakid.com - Radio Company TV (720p)</servername><serverurl=>https://5929b138b139d.streamlock.net/CompanyTV/livestream_720p/playlist.m3u8</serverurl><servercategory=>movies</servercategory>
<servername=>,ahlakid.com - Rai 3</servername><serverurl=>http://wzstreaming.rai.it/TVlive/liveStream/chunklist_w823540263.m3u8</serverurl><servercategory=>movies</servercategory>
<servername=>,ahlakid.com - Rai 3 (576p)</servername><serverurl=>http://wzstreaming.rai.it/TVlive/liveStream/playlist.m3u8</serverurl><servercategory=>movies</servercategory>
<servername=>,ahlakid.com - Reggio TV (480p)</servername><serverurl=>http://59d7d6f47d7fc.streamlock.net:1935/reggiotv/reggiotv/playlist.m3u8</serverurl><servercategory=>movies</servercategory>
<servername=>,ahlakid.com - Sophia TV (720p)</servername><serverurl=>https://www.onairport.live/sophiatv-it-live/livestream_low/playlist.m3u8</serverurl><servercategory=>movies</servercategory>
<servername=>,ahlakid.com - Studio 100 Puglia (480p)</servername><serverurl=>http://wms.shared.streamshow.it:1935/studio100ta/studio100ta/playlist.m3u8</serverurl><servercategory=>movies</servercategory>
<servername=>,ahlakid.com - Super TV (720p)</servername><serverurl=>http://wms.shared.streamshow.it/supertv/mp4:supertv/playlist.m3u8</serverurl><servercategory=>movies</servercategory>
<servername=>,ahlakid.com - Super TV Brescia (720p)</servername><serverurl=>http://wms.shared.streamshow.it:1935/supertv/supertv/live.m3u8</serverurl><servercategory=>movies</servercategory>
<servername=>,ahlakid.com - Tele Abruzzo</servername><serverurl=>http://uk4.streamingpulse.com:1935/TeleabruzzoTV/TeleabruzzoTV/playlist.m3u8</serverurl><servercategory=>movies</servercategory>
<servername=>,ahlakid.com - TeleChiara (720p)</servername><serverurl=>http://fms.tvavicenza.it:1935/telechiara/diretta/playlist.m3u</serverurl><servercategory=>movies</servercategory>
<servername=>,ahlakid.com - Telechiara (720p)</servername><serverurl=>http://fms.tvavicenza.it:1935/telechiara/diretta/playlist.m3u8</serverurl><servercategory=>movies</servercategory>
<servername=>,ahlakid.com - TelePavia (720p)</servername><serverurl=>http://wms.shared.streamshow.it/telepavia/mp4:telepavia/playlist.m3u8</serverurl><servercategory=>movies</servercategory>
<servername=>,ahlakid.com - telePAVIA (720p)</servername><serverurl=>http://wms.shared.streamshow.it:1935/telepavia/telepavia/live.m3u8</serverurl><servercategory=>movies</servercategory>
<servername=>,ahlakid.com - Teletricolore (480p)</servername><serverurl=>https://59d7d6f47d7fc.streamlock.net/rs2/rs2/playlist.m3u8</serverurl><servercategory=>movies</servercategory>
<servername=>,ahlakid.com - TV 2000 (720p)</servername><serverurl=>http://cld04wz.tv2000.it/tv2000_main.m3u8</serverurl><servercategory=>movies</servercategory>
<servername=>,ahlakid.com - TV UNO</servername><serverurl=>http://ftp.tiscali.it/francescovernata/TVUNO/monoscopioTvUNOint-1.wmv</serverurl><servercategory=>movies</servercategory>
<servername=>,ahlakid.com - TV7 Azzurra</servername><serverurl=>http://217.61.26.46:8080/hls/azzurra.m3u8</serverurl><servercategory=>movies</servercategory>
<servername=>,ahlakid.com - TV7 News</servername><serverurl=>http://217.61.26.46:8080/hls/news.m3u8</serverurl><servercategory=>movies</servercategory>
<servername=>,ahlakid.com - TVA Vicenza (720p)</servername><serverurl=>http://fms.tvavicenza.it:1935/live/diretta_1/playlist.m3u</serverurl><servercategory=>movies</servercategory>
<servername=>,ahlakid.com - Vera TV (480p)</servername><serverurl=>http://wms.shared.streamshow.it/veratv/mp4:veratv/playlist.m3u8</serverurl><servercategory=>movies</servercategory>
<servername=>,ahlakid.com - Vera TV (Marche) (480p)</servername><serverurl=>http://wms.shared.streamshow.it/veratv/veratv/playlist.m3u8</serverurl><servercategory=>movies</servercategory>
<servername=>,ahlakid.com - Vera TV Marche (480p)</servername><serverurl=>http://wms.shared.streamshow.it:1935/veratv/veratv/playlist.m3u8</serverurl><servercategory=>movies</servercategory>
<servername=>,ahlakid.com - Videolina</servername><serverurl=>http://livestreaming.videolina.it/live/Videolina/chunklist_w523418370.m3u8</serverurl><servercategory=>movies</servercategory>
<servername=>,ahlakid.com - Videolina (Sardegna) (404p)</servername><serverurl=>http://livestreaming.videolina.it/live/Videolina/playlist.m3u8</serverurl><servercategory=>movies</servercategory>
<servername=>,ahlakid.com - Italy: Sophia TV</servername><serverurl=>https://www.onairport.live/sophiatv-it-live/livestream_low/chunklist_w217998957.m3u8</serverurl><servercategory=>movies</servercategory>
<servername=>,ahlakid.com - Italy: TR24</servername><serverurl=>http://livetr.teleromagna.it/mia/live/playlist.m3u8</serverurl><servercategory=>movies</servercategory>
<servername=>group-title="Undefined",ahlakid.com - Canale 7</servername><serverurl=>http://wms.shared.streamshow.it/canale7/canale7/playlist.m3u8?checkedby:iptvcat.net</serverurl><servercategory=>movies</servercategory>
<servername=>group-title="Undefined",ahlakid.com - Canale 7</servername><serverurl=>http://wms.shared.streamshow.it:1935/canale7/canale7/live.m3u8?checkedby:iptvcat.net</serverurl><servercategory=>movies</servercategory>
<servername=>group-title="Undefined",ahlakid.com - Canale 8</servername><serverurl=>http://wms.shared.streamshow.it:80/canale8/canale8/playlist.m3u8?checkedby:iptvcat.net</serverurl><servercategory=>movies</servercategory>
<servername=>group-title="Undefined" tvg-logo="http://www.altrostudio.tv/images/portfolio/carinatv.jpg",ahlakid.com - Carina TV</servername><serverurl=>http://wms.shared.streamshow.it/carinatv/carinatv/playlist.m3u8?checkedby:iptvcat.net</serverurl><servercategory=>movies</servercategory>
<servername=>group-title="Undefined",ahlakid.com - Carina TV</servername><serverurl=>http://wms.shared.streamshow.it/carinatv/mp4:carinatv/playlist.m3u8?checkedby:iptvcat.net</serverurl><servercategory=>movies</servercategory>
<servername=>group-title="Undefined" tvg-logo="https://i.imgur.com/UDFBYpN.png",ahlakid.com - Euro Indie Music Chart TV</servername><serverurl=>http://178.33.224.197:1935/euroindiemusic/euroindiemusic/playlist.m3u8?checkedby:iptvcat.net</serverurl><servercategory=>movies</servercategory>
<servername=>group-title="Undefined" tvg-logo="https://i.imgur.com/RPXusvS.png",ahlakid.com - Sophia TV</servername><serverurl=>https://www.onairport.live/sophiatv-it-live/livestream_low/playlist.m3u8?checkedby:iptvcat.net</serverurl><servercategory=>movies</servercategory>
<servername=>group-title="Undefined",ahlakid.com - Telechiara</servername><serverurl=>http://fms.tvavicenza.it:1935/telechiara/diretta/playlist.m3u8?checkedby:iptvcat.net</serverurl><servercategory=>movies</servercategory>
